[themerange.net/html/merix/merix-dark/index.html]
[backblue.gif]
[fade.gif]
[index.html]
[themerange.net/html/merix/merix-dark/images/favicon.png]
[themerange.net/html/merix/merix-dark/images/logo.png]
[themerange.net/html/merix/merix-dark/index-2.html]
[themerange.net/html/merix/merix-dark/index-3.html]
[themerange.net/html/merix/merix-dark/index-4.html]
[themerange.net/html/merix/merix-dark/index-5.html]
[themerange.net/html/merix/merix-dark/index-6.html]
[themerange.net/html/merix/merix-dark/about.html]
[themerange.net/html/merix/merix-dark/faq.html]
[themerange.net/html/merix/merix-dark/price.html]
[themerange.net/html/merix/merix-dark/team.html]
[themerange.net/html/merix/merix-dark/team-detail.html]
[themerange.net/html/merix/merix-dark/testimonial.html]
[themerange.net/html/merix/merix-dark/comming-soon.html]
[themerange.net/html/merix/merix-dark/terms.html]
[themerange.net/html/merix/merix-dark/privacy.html]
[themerange.net/html/merix/merix-dark/services.html]
[themerange.net/html/merix/merix-dark/content-marketing.html]
[themerange.net/html/merix/merix-dark/social-marketing.html]
[themerange.net/html/merix/merix-dark/app-development.html]
[themerange.net/html/merix/merix-dark/seo.html]
[themerange.net/html/merix/merix-dark/web-development.html]
[themerange.net/html/merix/merix-dark/advertising.html]
[themerange.net/html/merix/merix-dark/projects.html]
[themerange.net/html/merix/merix-dark/projects-left-sidebar.html]
[themerange.net/html/merix/merix-dark/projects-right-sidebar.html]
[themerange.net/html/merix/merix-dark/projects-detail.html]
[themerange.net/html/merix/merix-dark/blog.html]
[themerange.net/html/merix/merix-dark/blog-classic.html]
[themerange.net/html/merix/merix-dark/blog-left-sidebar.html]
[themerange.net/html/merix/merix-dark/news-detail.html]
[themerange.net/html/merix/merix-dark/not-found.html]
[themerange.net/html/merix/merix-dark/shop.html]
[themerange.net/html/merix/merix-dark/shop-single.html]
[themerange.net/html/merix/merix-dark/shoping-cart.html]
[themerange.net/html/merix/merix-dark/checkout.html]
[themerange.net/html/merix/merix-dark/login.html]
[themerange.net/html/merix/merix-dark/register.html]
[themerange.net/html/merix/merix-dark/shopping-cart.html]
[themerange.net/html/merix/merix-dark/account.html]
[themerange.net/html/merix/merix-dark/contact.html]
[themerange.net/html/merix/merix-dark/images/logo-small.png]
[themerange.net/html/merix/merix-dark/images/logo-3.png]
[themerange.net/html/merix/merix-dark/images/main-slider/image-2.jpg]
[themerange.net/html/merix/merix-dark/images/main-slider/dotted-layer-1.png]
[themerange.net/html/merix/merix-dark/images/main-slider/content-image-2.png]
[themerange.net/html/merix/merix-dark/images/main-slider/content-image-3.png]
[themerange.net/html/merix/merix-dark/images/main-slider/content-image-4.png]
[themerange.net/html/merix/merix-dark/images/icons/service-pattern.png]
[themerange.net/html/merix/merix-dark/images/icons/service-pattern-2.png]
[themerange.net/html/merix/merix-dark/images/icons/about-circle.png]
[themerange.net/html/merix/merix-dark/images/resource/about-1.png]
[themerange.net/html/merix/merix-dark/images/icons/icon-1.png]
[themerange.net/html/merix/merix-dark/images/icons/icon-2.png]
[themerange.net/html/merix/merix-dark/images/icons/icon-19.png]
[themerange.net/html/merix/merix-dark/images/icons/icon-4.png]
[themerange.net/html/merix/merix-dark/images/background/map-pattern.png]
[themerange.net/html/merix/merix-dark/images/resource/cta-bg.png]
[themerange.net/html/merix/merix-dark/images/resource/cta.png]
[themerange.net/html/merix/merix-dark/images/resource/team-12.jpg]
[themerange.net/html/merix/merix-dark/images/resource/team-13.jpg]
[themerange.net/html/merix/merix-dark/images/resource/team-14.jpg]
[themerange.net/html/merix/merix-dark/images/icons/icon-3.png]
[themerange.net/html/merix/merix-dark/images/icons/icon-7.png]
[themerange.net/html/merix/merix-dark/images/icons/icon-8.png]
[themerange.net/html/merix/merix-dark/images/icons/icon-9.png]
[themerange.net/html/merix/merix-dark/images/icons/icon-10.png]
[themerange.net/html/merix/merix-dark/images/resource/author-1.png]
[themerange.net/html/merix/merix-dark/images/resource/author-2.png]
[themerange.net/html/merix/merix-dark/images/background/pattern-1.png]
[themerange.net/html/merix/merix-dark/images/background/pattern-20.png]
[themerange.net/html/merix/merix-dark/images/background/price-pattern-1.png]
[themerange.net/html/merix/merix-dark/images/background/price-pattern-3.png]
[themerange.net/html/merix/merix-dark/images/background/price-pattern-2.png]
[themerange.net/html/merix/merix-dark/images/clients/1.png]
[themerange.net/html/merix/merix-dark/images/clients/2.png]
[themerange.net/html/merix/merix-dark/images/clients/3.png]
[themerange.net/html/merix/merix-dark/images/clients/4.png]
[themerange.net/html/merix/merix-dark/images/clients/5.png]
[themerange.net/html/merix/merix-dark/images/resource/news-1.jpg]
[themerange.net/html/merix/merix-dark/images/resource/news-2.jpg]
[themerange.net/html/merix/merix-dark/images/resource/news-3.jpg]
[themerange.net/html/merix/merix-dark/images/background/pattern-3.png]
[themerange.net/html/merix/merix-dark/images/background/pattern-4.png]
[themerange.net/html/merix/merix-dark/images/background/pattern-5.png]
[themerange.net/html/merix/merix-dark/images/gallery/1.jpg]
[themerange.net/html/merix/merix-dark/images/gallery/footer-gallery-thumb-1.jpg]
[themerange.net/html/merix/merix-dark/images/gallery/2.jpg]
[themerange.net/html/merix/merix-dark/images/gallery/footer-gallery-thumb-2.jpg]
[themerange.net/html/merix/merix-dark/images/gallery/3.jpg]
[themerange.net/html/merix/merix-dark/images/gallery/footer-gallery-thumb-3.jpg]
[themerange.net/html/merix/merix-dark/images/gallery/4.jpg]
[themerange.net/html/merix/merix-dark/images/gallery/footer-gallery-thumb-4.jpg]
[themerange.net/html/merix/merix-dark/images/gallery/footer-gallery-thumb-5.jpg]
[themerange.net/html/merix/merix-dark/images/gallery/footer-gallery-thumb-6.jpg]
[themerange.net/html/merix/merix-dark/js/jquery.js]
[themerange.net/html/merix/merix-dark/js/popper.min.js]
[themerange.net/html/merix/merix-dark/js/bootstrap.min.js]
[themerange.net/html/merix/merix-dark/js/jquery.mCustomScrollbar.concat.min.js]
[themerange.net/html/merix/merix-dark/js/jquery.fancybox.js]
[themerange.net/html/merix/merix-dark/js/appear.js]
[themerange.net/html/merix/merix-dark/js/parallax.min.js]
[themerange.net/html/merix/merix-dark/js/tilt.jquery.min.js]
[themerange.net/html/merix/merix-dark/js/jquery.paroller.min.js]
[themerange.net/html/merix/merix-dark/js/owl.js]
[themerange.net/html/merix/merix-dark/js/wow.js]
[themerange.net/html/merix/merix-dark/js/nav-tool.js]
[themerange.net/html/merix/merix-dark/js/jquery-ui.js]
[themerange.net/html/merix/merix-dark/js/script.js]
[themerange.net/html/merix/merix-dark/js/color-settings.js]
[themerange.net/html/merix/merix-dark/index.html]
[themerange.net/html/merix/merix-dark/css/bootstrap.css]
[themerange.net/html/merix/merix-dark/images/icons/title-icon.png]
[themerange.net/html/merix/merix-dark/images/background/pattern-6.png]
[themerange.net/html/merix/merix-dark/images/icons/menu-icon.png]
[themerange.net/html/merix/merix-dark/images/icons/icon-select.png]
[themerange.net/html/merix/merix-dark/images/icons/waves-shape.png]
[themerange.net/html/merix/merix-dark/images/icons/icon-5.png]
[themerange.net/html/merix/merix-dark/images/icons/icon-18.png]
[themerange.net/html/merix/merix-dark/images/icons/testimonial-pattern.png]
[themerange.net/html/merix/merix-dark/images/icons/play.png]
[themerange.net/html/merix/merix-dark/images/icons/shape-1.png]
[themerange.net/html/merix/merix-dark/images/icons/shape-2.png]
[themerange.net/html/merix/merix-dark/images/icons/shape-3.png]
[themerange.net/html/merix/merix-dark/images/icons/shape-4.png]
[themerange.net/html/merix/merix-dark/images/background/pattern-7.png]
[themerange.net/html/merix/merix-dark/images/background/pattern-13.png]
[themerange.net/html/merix/merix-dark/images/icons/step-arrow-one.png]
[themerange.net/html/merix/merix-dark/images/icons/step-arrow-two.png]
[themerange.net/html/merix/merix-dark/images/icons/step-arrow-three.png]
[themerange.net/html/merix/merix-dark/images/background/step-1.png]
[themerange.net/html/merix/merix-dark/images/background/step-2.png]
[themerange.net/html/merix/merix-dark/images/background/step-3.png]
[themerange.net/html/merix/merix-dark/images/background/step-4.png]
[themerange.net/html/merix/merix-dark/images/icons/arrow-right.jpg]
[themerange.net/html/merix/merix-dark/images/background/1.jpg]
[themerange.net/html/merix/merix-dark/images/icons/business-icon-1.png]
[themerange.net/html/merix/merix-dark/images/icons/business-icon-2.png]
[themerange.net/html/merix/merix-dark/images/icons/business-icon-3.png]
[themerange.net/html/merix/merix-dark/images/icons/business-icon-4.png]
[themerange.net/html/merix/merix-dark/images/icons/business-icon-5.png]
[themerange.net/html/merix/merix-dark/css/style.css]
[themerange.net/html/merix/merix-dark/css/responsive.css]
[themerange.net/html/merix/merix-dark/images/icons/tick.png]
[themerange.net/html/merix/merix-dark/css/color-switcher-design.css]
[themerange.net/html/merix/merix-dark/images/logo-2.png]
[themerange.net/html/merix/merix-dark/images/resource/post-thumb-1.jpg]
[themerange.net/html/merix/merix-dark/images/resource/post-thumb-2.jpg]
[themerange.net/html/merix/merix-dark/images/resource/banner-3.png]
[themerange.net/html/merix/merix-dark/images/icons/icon-6.png]
[themerange.net/html/merix/merix-dark/images/background/pattern-21.png]
[themerange.net/html/merix/merix-dark/images/resource/seo-1.png]
[themerange.net/html/merix/merix-dark/images/background/map-pattern-1.png]
[themerange.net/html/merix/merix-dark/images/background/pattern-22.png]
[themerange.net/html/merix/merix-dark/images/background/pattern-9.png]
[themerange.net/html/merix/merix-dark/images/resource/cta-1.png]
[themerange.net/html/merix/merix-dark/images/gallery/5.jpg]
[themerange.net/html/merix/merix-dark/images/gallery/6.jpg]
[themerange.net/html/merix/merix-dark/images/background/pattern-23.png]
[themerange.net/html/merix/merix-dark/images/resource/business.png]
[themerange.net/html/merix/merix-dark/images/resource/business-arrow.png]
[themerange.net/html/merix/merix-dark/images/background/pattern-10.png]
[themerange.net/html/merix/merix-dark/images/resource/author-3.jpg]
[themerange.net/html/merix/merix-dark/images/resource/author-4.jpg]
[themerange.net/html/merix/merix-dark/images/resource/faq.png]
[themerange.net/html/merix/merix-dark/images/background/pattern-24.png]
[themerange.net/html/merix/merix-dark/images/resource/news-14.jpg]
[themerange.net/html/merix/merix-dark/images/resource/news-15.jpg]
[themerange.net/html/merix/merix-dark/images/resource/news-16.jpg]
[themerange.net/html/merix/merix-dark/images/background/map-pattern-2.png]
[themerange.net/html/merix/merix-dark/images/icons/app-btn.png]
[themerange.net/html/merix/merix-dark/images/icons/google-btn.png]
[themerange.net/html/merix/merix-dark/js/mixitup.js]
[themerange.net/html/merix/merix-dark/index-2.html]
[themerange.net/html/merix/merix-dark/images/background/2.png]
[themerange.net/html/merix/merix-dark/services-detail.html]
[themerange.net/html/merix/merix-dark/images/resource/banner-2.png]
[themerange.net/html/merix/merix-dark/images/resource/mission.png]
[themerange.net/html/merix/merix-dark/images/icons/mission-1.png]
[themerange.net/html/merix/merix-dark/images/icons/mission-2.png]
[themerange.net/html/merix/merix-dark/images/icons/mission-3.png]
[themerange.net/html/merix/merix-dark/images/icons/service-1.png]
[themerange.net/html/merix/merix-dark/images/icons/service-2.png]
[themerange.net/html/merix/merix-dark/images/icons/service-3.png]
[themerange.net/html/merix/merix-dark/images/background/analysic-bg.png]
[themerange.net/html/merix/merix-dark/images/resource/analysic.png]
[themerange.net/html/merix/merix-dark/images/resource/counter.png]
[themerange.net/html/merix/merix-dark/images/background/pattern-14.png]
[themerange.net/html/merix/merix-dark/images/resource/skill.png]
[themerange.net/html/merix/merix-dark/images/background/pattern-15.png]
[themerange.net/html/merix/merix-dark/images/resource/video-bg.png]
[themerange.net/html/merix/merix-dark/images/resource/author-5.jpg]
[themerange.net/html/merix/merix-dark/images/resource/author-6.jpg]
[themerange.net/html/merix/merix-dark/images/resource/newsletter.png]
[themerange.net/html/merix/merix-dark/index-3.html]
[themerange.net/html/merix/merix-dark/images/main-slider/image-1.png]
[themerange.net/html/merix/merix-dark/images/main-slider/pattern-1.png]
[themerange.net/html/merix/merix-dark/images/main-slider/pattern-2.png]
[themerange.net/html/merix/merix-dark/images/main-slider/dotted-layer.png]
[themerange.net/html/merix/merix-dark/images/main-slider/content-image-1.png]
[themerange.net/html/merix/merix-dark/images/main-slider/icon-1.png]
[themerange.net/html/merix/merix-dark/images/main-slider/icon-2.png]
[themerange.net/html/merix/merix-dark/images/main-slider/icon-3.png]
[themerange.net/html/merix/merix-dark/images/main-slider/icon-4.png]
[themerange.net/html/merix/merix-dark/images/main-slider/icon-5.png]
[themerange.net/html/merix/merix-dark/images/main-slider/icon-6.png]
[themerange.net/html/merix/merix-dark/images/resource/about.png]
[themerange.net/html/merix/merix-dark/images/resource/team-1.jpg]
[themerange.net/html/merix/merix-dark/images/resource/team-2.jpg]
[themerange.net/html/merix/merix-dark/images/resource/team-3.jpg]
[themerange.net/html/merix/merix-dark/images/resource/team-4.jpg]
[themerange.net/html/merix/merix-dark/images/resource/team-5.jpg]
[themerange.net/html/merix/merix-dark/images/background/pattern-2.png]
[themerange.net/html/merix/merix-dark/index-4.html]
[themerange.net/html/merix/merix-dark/images/resource/banner-1.png]
[themerange.net/html/merix/merix-dark/images/icons/icon-11.png]
[themerange.net/html/merix/merix-dark/images/icons/icon-12.png]
[themerange.net/html/merix/merix-dark/images/icons/icon-13.png]
[themerange.net/html/merix/merix-dark/images/icons/icon-15.png]
[themerange.net/html/merix/merix-dark/images/icons/icon-14.png]
[themerange.net/html/merix/merix-dark/images/background/pattern-8.png]
[themerange.net/html/merix/merix-dark/images/background/pattern-11.jpg]
[themerange.net/html/merix/merix-dark/images/resource/news-4.jpg]
[themerange.net/html/merix/merix-dark/images/resource/news-5.jpg]
[themerange.net/html/merix/merix-dark/images/resource/news-6.jpg]
[themerange.net/html/merix/merix-dark/images/resource/seo.png]
[themerange.net/html/merix/merix-dark/index-5.html]
[themerange.net/html/merix/merix-dark/images/icons/icon-16.png]
[themerange.net/html/merix/merix-dark/images/icons/icon-17.png]
[themerange.net/html/merix/merix-dark/images/background/pattern-12.png]
[themerange.net/html/merix/merix-dark/index-6.html]
[themerange.net/html/merix/merix-dark/images/background/pattern-16.png]
[themerange.net/html/merix/merix-dark/images/background/pattern-17.png]
[themerange.net/html/merix/merix-dark/images/background/pattern-18.png]
[themerange.net/html/merix/merix-dark/images/icons/cross-icon.png]
[themerange.net/html/merix/merix-dark/about.html]
[themerange.net/html/merix/merix-dark/faq.html]
[themerange.net/html/merix/merix-dark/price.html]
[themerange.net/html/merix/merix-dark/images/resource/team-6.jpg]
[themerange.net/html/merix/merix-dark/images/resource/team-7.jpg]
[themerange.net/html/merix/merix-dark/images/resource/team-8.jpg]
[themerange.net/html/merix/merix-dark/images/resource/team-9.jpg]
[themerange.net/html/merix/merix-dark/images/resource/team-10.jpg]
[themerange.net/html/merix/merix-dark/images/resource/team-11.jpg]
[themerange.net/html/merix/merix-dark/team.html]
[themerange.net/html/merix/merix-dark/team-detail.html]
[themerange.net/html/merix/merix-dark/testimonial.html]
[themerange.net/html/merix/merix-dark/js/jquery.countdown.js]
[themerange.net/html/merix/merix-dark/comming-soon.html]
[themerange.net/html/merix/merix-dark/terms.html]
[themerange.net/html/merix/merix-dark/privacy.html]
[themerange.net/html/merix/merix-dark/services.html]
[themerange.net/html/merix/merix-dark/images/background/pattern-19.jpg]
[themerange.net/html/merix/merix-dark/images/resource/service-1.jpg]
[themerange.net/html/merix/merix-dark/images/resource/service-2.jpg]
[themerange.net/html/merix/merix-dark/images/resource/service-3.jpg]
[themerange.net/html/merix/merix-dark/content-marketing.html]
[themerange.net/html/merix/merix-dark/social-marketing.html]
[themerange.net/html/merix/merix-dark/app-development.html]
[themerange.net/html/merix/merix-dark/seo.html]
[themerange.net/html/merix/merix-dark/web-development.html]
[themerange.net/html/merix/merix-dark/advertising.html]
[themerange.net/html/merix/merix-dark/projects.html]
[themerange.net/html/merix/merix-dark/images/resource/post-thumb-3.jpg]
[themerange.net/html/merix/merix-dark/images/background/author-bg.jpg]
[themerange.net/html/merix/merix-dark/images/resource/author-7.jpg]
[themerange.net/html/merix/merix-dark/images/resource/instagram-1.jpg]
[themerange.net/html/merix/merix-dark/images/resource/instagram-2.jpg]
[themerange.net/html/merix/merix-dark/images/resource/instagram-3.jpg]
[themerange.net/html/merix/merix-dark/images/resource/instagram-4.jpg]
[themerange.net/html/merix/merix-dark/images/resource/instagram-5.jpg]
[themerange.net/html/merix/merix-dark/images/resource/instagram-6.jpg]
[themerange.net/html/merix/merix-dark/projects-left-sidebar.html]
[themerange.net/html/merix/merix-dark/projects-right-sidebar.html]
[themerange.net/html/merix/merix-dark/images/resource/service-4.jpg]
[themerange.net/html/merix/merix-dark/images/resource/project-1.jpg]
[themerange.net/html/merix/merix-dark/images/resource/project-2.jpg]
[themerange.net/html/merix/merix-dark/images/resource/project-3.jpg]
[themerange.net/html/merix/merix-dark/projects-detail.html]
[themerange.net/html/merix/merix-dark/blog.html]
[themerange.net/html/merix/merix-dark/images/resource/news-7.jpg]
[themerange.net/html/merix/merix-dark/images/resource/news-8.jpg]
[themerange.net/html/merix/merix-dark/images/resource/news-9.jpg]
[themerange.net/html/merix/merix-dark/images/resource/news-10.jpg]
[themerange.net/html/merix/merix-dark/blog-classic.html]
[themerange.net/html/merix/merix-dark/blog-left-sidebar.html]
[themerange.net/html/merix/merix-dark/images/resource/news-12.jpg]
[themerange.net/html/merix/merix-dark/images/resource/news-13.jpg]
[themerange.net/html/merix/merix-dark/images/resource/author-8.jpg]
[themerange.net/html/merix/merix-dark/news-detail.html]
[themerange.net/html/merix/merix-dark/images/resource/error.png]
[themerange.net/html/merix/merix-dark/not-found.html]
[themerange.net/html/merix/merix-dark/images/resource/products/1.jpg]
[themerange.net/html/merix/merix-dark/images/resource/products/2.jpg]
[themerange.net/html/merix/merix-dark/images/resource/products/3.jpg]
[themerange.net/html/merix/merix-dark/images/resource/products/4.jpg]
[themerange.net/html/merix/merix-dark/images/resource/products/5.jpg]
[themerange.net/html/merix/merix-dark/images/resource/products/6.jpg]
[themerange.net/html/merix/merix-dark/images/resource/products/7.jpg]
[themerange.net/html/merix/merix-dark/images/resource/products/8.jpg]
[themerange.net/html/merix/merix-dark/shop.html]
[themerange.net/html/merix/merix-dark/images/resource/products/10.jpg]
[themerange.net/html/merix/merix-dark/js/jquery.bootstrap-touchspin.js]
[themerange.net/html/merix/merix-dark/shop-single.html]
[themerange.net/html/merix/merix-dark/shoping-cart.html]
[themerange.net/html/merix/merix-dark/images/resource/products/prod-thumb-1.jpg]
[themerange.net/html/merix/merix-dark/images/resource/products/prod-thumb-2.jpg]
[themerange.net/html/merix/merix-dark/checkout.html]
[themerange.net/html/merix/merix-dark/login.html]
[themerange.net/html/merix/merix-dark/register.html]
[themerange.net/html/merix/merix-dark/images/resource/products/thumb-1.jpg]
[themerange.net/html/merix/merix-dark/images/resource/products/thumb-2.jpg]
[themerange.net/html/merix/merix-dark/shopping-cart.html]
[themerange.net/html/merix/merix-dark/account.html]
[themerange.net/html/merix/merix-dark/js/validate.js]
[themerange.net/html/merix/merix-dark/contact.html]
[themerange.net/html/merix/merix-dark/fonts/fontawesome-webfonte0a5.eot]
[themerange.net/html/merix/merix-dark/fonts/fontawesome-webfontd41d.eot]
[themerange.net/html/merix/merix-dark/fonts/fontawesome-webfonte0a5.woff]
[themerange.net/html/merix/merix-dark/fonts/fontawesome-webfonte0a5.ttf]
[themerange.net/html/merix/merix-dark/css/font-awesome.css]
[themerange.net/html/merix/merix-dark/fonts/flaticon.eot]
[themerange.net/html/merix/merix-dark/fonts/flaticond41d.eot]
[themerange.net/html/merix/merix-dark/fonts/flaticon.woff]
[themerange.net/html/merix/merix-dark/fonts/flaticon.ttf]
[themerange.net/html/merix/merix-dark/css/flaticon.css]
[themerange.net/html/merix/merix-dark/css/animate.css]
[themerange.net/html/merix/merix-dark/css/owl.video.play.png]
[themerange.net/html/merix/merix-dark/images/cross-out.png]
[themerange.net/html/merix/merix-dark/css/owl.css]
[themerange.net/html/merix/merix-dark/css/animation.css]
[themerange.net/html/merix/merix-dark/css/images/ui-icons_444444_256x240.png]
[themerange.net/html/merix/merix-dark/css/images/ui-icons_777620_256x240.png]
[themerange.net/html/merix/merix-dark/css/images/ui-icons_cc0000_256x240.png]
[themerange.net/html/merix/merix-dark/css/images/ui-icons_777777_256x240.png]
[themerange.net/html/merix/merix-dark/css/jquery-ui.css]
[themerange.net/html/merix/merix-dark/css/custom-animate.css]
[themerange.net/html/merix/merix-dark/css/jquery.fancybox.min.css]
[themerange.net/html/merix/merix-dark/css/jquery.bootstrap-touchspin.css]
[themerange.net/html/merix/merix-dark/css/mCSB_buttons.html]
[themerange.net/html/merix/merix-dark/css/jquery.mCustomScrollbar.min.css]
[themerange.net/html/merix/merix-dark/services-detail.html]
[themerange.net/html/merix/merix-dark/fonts/fontawesome-webfonte0a5.html]
[themerange.net/html/merix/merix-dark/fonts/fontawesome-webfonte0a5.svg]
[themerange.net/html/merix/merix-dark/fonts/flaticon.svg]
[themerange.net/html/merix/merix-dark/css/owl.video.play.html]
[themerange.net/html/merix/merix-dark/css/images/ui-icons_777620_256x240.html]
[themerange.net/html/merix/merix-dark/css/images/ui-icons_cc0000_256x240.html]
[themerange.net/html/merix/merix-dark/css/images/ui-icons_777777_256x240.html]
[themerange.net/html/merix/merix-dark/css/mCSB_buttons.html]
